
> home-foods@0.1.0 test
> tsx --import dotenv/config --test tests/*.test.mjs

◇ injected env (2) from .env
✔ verification is bound to stored street, country, postcode and exact coordinates (4.9044ms)
✔ Finland validation preserves leading zero and rejects incomplete/foreign fields (1.9148ms)
✔ browser cannot forge or change provider proof (1.8877ms)
✔ sandbox records are explicitly distinct and fallback cannot activate in production (1.6863ms)
◇ injected env (2) from .env
✔ price sort is numerical in both directions (4.4902ms)
✔ filters combine and exclude missing delivery estimates and ratings (1.0078ms)
✔ nearest and fastest leave unknown measurements last (0.8114ms)
✔ search and category remain active together (0.6499ms)
✔ recommended search favors exact and name-prefix matches (0.447ms)
◇ injected env (2) from .env
✔ nationwide delivery is an explicit local development-only opt-in (3.8513ms)
✔ sandbox payments require development and fictional test data (1.0911ms)
✔ discovery and checkout share the existing-seller development opt-in (2.5788ms)
✔ development placeholder kitchens cannot be used in production (0.5895ms)
◇ injected env (2) from .env
✔ kitchen filters combine real cuisine, location, ratings, fees and preparation values (3.9818ms)
✔ profile completion requires valid persisted operational fields, not just a name (0.6751ms)
✔ pickup snapshots retain the original kitchen location after edits (0.847ms)
◇ injected env (2) from .env
Geoapify API request rejected { service: '/v1/geocode/search', status: 401 }
Geoapify API request rejected { service: '/v1/geocode/search', status: 403 }
Geoapify API request rejected { service: '/v1/routing', status: 503 }
Geoapify API request rejected { service: '/v1/routematrix', status: 503 }
GEOAPIFY_API_KEY is malformed: check for an appended environment setting or whitespace.
✔ 20 km driving-distance boundary is inclusive and rejects anything farther (2.1967ms)
✔ saved verified Finnish addresses reuse their stored coordinates without geocoding again (3.401ms)
✔ legacy saved Finnish addresses are verified once and cache normalized coordinates (44.1186ms)
✔ a legacy saved address explains when first-time geocoding is blocked (2.3615ms)
✔ manual Finnish address resolution uses Geoapify and returns verified Finland details (1.1871ms)
✔ Finnish autocomplete requests are country restricted and include attribution metadata (1.6719ms)
✔ Geoapify provider failures remain distinguishable without exposing provider response details (2.8801ms)
✔ Geoapify JSON autocomplete records with flat address fields display a complete label (1.1389ms)
✔ autocomplete reads GeoJSON feature responses and normalizes Finland when the code is omitted (1.5206ms)
✔ empty autocomplete response retries with Finland-filtered forward geocoding (1.5767ms)
✔ foreign addresses and reverse-geocoded GPS locations are rejected (1.7446ms)
✔ invalid coordinates and provider failures fail closed (1.804ms)
✔ driving route threshold permits 5 km, 19.9 km and exactly 20 km, but rejects 20.1 km (3.1116ms)
✔ failed routes are not converted into an assumed straight-line distance and successful routes are cached (1.7903ms)
✔ kitchen route matrix batches multiple exact kitchen-to-customer road distances and caches each pair (1.8284ms)
✔ route matrix outages and unroutable kitchen pairs remain unavailable (2.0766ms)
✔ distance utility remains a pure estimate and returns zero for identical points (0.3883ms)
✔ concatenated environment settings are rejected before sending a provider request (0.7088ms)
✔ kitchen country checks reject foreign or missing coordinates without routing (11.3572ms)
◇ injected env (2) from .env
✔ role shortcuts and independent customer routes are centralized (2.0912ms)
✔ active navigation distinguishes hashes, nested routes, and similarly named paths (0.2611ms)
◇ injected env (2) from .env
✔ profile edits allow only self-service fields (1.832ms)
✔ sensitive input validation rejects email changes and short passwords (0.4178ms)
◇ injected env (2) from .env
✔ same-origin validation accepts the browser origin through a local reverse proxy (42.489ms)
✔ same-origin validation still rejects a foreign browser origin (1.0568ms)
◇ injected env (2) from .env
✔ development session secret is stable across independently loaded server routes (3.3472ms)
✔ production still requires a configured strong session secret (2.0634ms)
◇ injected env (2) from .env
✔ the existing main sidebar is the only theme control mount (81.7451ms)
✔ theme initialization and persistence stay in the shared root system (2.4136ms)
◇ injected env (2) from .env
✔ seller availability is independent of administrative status (0.9999ms)
✔ one pickup action becomes transit; retries do not generate transitions (0.405ms)
✔ administrative changes require meaningful bounded review notes (0.3368ms)
✔ verification alone permits an omitted comment; suspension still requires one (0.3022ms)
ℹ tests 49
ℹ suites 0
ℹ pass 49
ℹ fail 0
ℹ cancelled 0
ℹ skipped 0
ℹ todo 0
ℹ duration_ms 825.7737
