
> home-foods@0.1.0 test
> tsx --import dotenv/config --test tests/*.test.mjs

◇ injected env (2) from .env
✔ verification is bound to stored street, country, postcode and exact coordinates (4.018ms)
✔ Finland validation preserves leading zero and rejects incomplete/foreign fields (1.2476ms)
✔ browser cannot forge or change provider proof (1.4602ms)
✔ sandbox records are explicitly distinct and fallback cannot activate in production (1.6114ms)
◇ injected env (2) from .env
✔ price sort is numerical in both directions (5.3311ms)
✔ filters combine and exclude missing delivery estimates and ratings (0.7501ms)
✔ nearest and fastest leave unknown measurements last (0.396ms)
✔ search and category remain active together (0.4511ms)
✔ recommended search favors exact and name-prefix matches (0.3659ms)
◇ injected env (2) from .env
✔ nationwide delivery is an explicit local development-only opt-in (3.663ms)
✔ sandbox payments require development and fictional test data (2.2813ms)
✔ discovery and checkout share the existing-seller development opt-in (1.4212ms)
✔ development placeholder kitchens cannot be used in production (0.5912ms)
◇ injected env (2) from .env
✔ kitchen filters combine real cuisine, location, ratings, fees and preparation values (3.911ms)
✔ profile completion requires valid persisted operational fields, not just a name (0.6731ms)
✔ pickup snapshots retain the original kitchen location after edits (0.5917ms)
◇ injected env (2) from .env
Geoapify API request rejected { service: '/v1/geocode/search', status: 401 }
Geoapify API request rejected { service: '/v1/geocode/search', status: 403 }
Geoapify API request rejected { service: '/v1/routing', status: 503 }
Geoapify API request rejected { service: '/v1/routematrix', status: 503 }
GEOAPIFY_API_KEY is malformed: check for an appended environment setting or whitespace.
✔ 20 km driving-distance boundary is inclusive and rejects anything farther (2.1492ms)
✔ saved verified Finnish addresses reuse their stored coordinates without geocoding again (2.5344ms)
✔ legacy saved Finnish addresses are verified once and cache normalized coordinates (32.7254ms)
✔ a legacy saved address explains when first-time geocoding is blocked (2.2618ms)
✔ manual Finnish address resolution uses Geoapify and returns verified Finland details (1.2723ms)
✔ Finnish autocomplete requests are country restricted and include attribution metadata (1.5519ms)
✔ Geoapify provider failures remain distinguishable without exposing provider response details (2.3822ms)
✔ Geoapify JSON autocomplete records with flat address fields display a complete label (0.8862ms)
✔ autocomplete reads GeoJSON feature responses and normalizes Finland when the code is omitted (0.9279ms)
✔ empty autocomplete response retries with Finland-filtered forward geocoding (0.9292ms)
✔ foreign addresses and reverse-geocoded GPS locations are rejected (1.197ms)
✔ invalid coordinates and provider failures fail closed (1.4175ms)
✔ driving route threshold permits 5 km, 19.9 km and exactly 20 km, but rejects 20.1 km (2.286ms)
✔ failed routes are not converted into an assumed straight-line distance and successful routes are cached (1.7045ms)
✔ kitchen route matrix batches multiple exact kitchen-to-customer road distances and caches each pair (1.4889ms)
✔ route matrix outages and unroutable kitchen pairs remain unavailable (1.2619ms)
✔ distance utility remains a pure estimate and returns zero for identical points (0.1861ms)
✔ concatenated environment settings are rejected before sending a provider request (0.4194ms)
✔ kitchen country checks reject foreign or missing coordinates without routing (5.4456ms)
◇ injected env (2) from .env
✔ role shortcuts and independent customer routes are centralized (2.816ms)
✔ active navigation distinguishes hashes, nested routes, and similarly named paths (0.4681ms)
◇ injected env (2) from .env
✔ profile edits allow only self-service fields (1.7514ms)
✔ sensitive input validation rejects email changes and short passwords (0.3316ms)
◇ injected env (2) from .env
✔ same-origin validation accepts the browser origin through a local reverse proxy (27.591ms)
✔ same-origin validation still rejects a foreign browser origin (0.5323ms)
◇ injected env (2) from .env
✔ development session secret is stable across independently loaded server routes (1.8457ms)
✔ production still requires a configured strong session secret (1.0631ms)
◇ injected env (2) from .env
✔ the existing main sidebar is the only theme control mount (11.9081ms)
✔ theme initialization and persistence stay in the shared root system (0.6174ms)
◇ injected env (2) from .env
✔ seller availability is independent of administrative status (0.9279ms)
✔ one pickup action becomes transit; retries do not generate transitions (0.1944ms)
✔ administrative changes require meaningful bounded review notes (0.24ms)
ℹ tests 48
ℹ suites 0
ℹ pass 48
ℹ fail 0
ℹ cancelled 0
ℹ skipped 0
ℹ todo 0
ℹ duration_ms 449.8538
