
> home-foods@0.1.0 build
> next build

▲ Next.js 16.3.5 (Turbopack)
- Environments: .env.local, .env
⚠ Warning: Next.js ignored package-lock.json in C:\Users\arahm because it is outside the current Git repository (C:\Users\arahm\WORKSPACE\Projects).
 To use this directory, set `turbopack.root` in your Next.js config.

✓ Running next.config.ts took 219ms

  Creating an optimized production build ...
✓ Compiled successfully in 20.7s
  Running TypeScript ...
  Finished TypeScript in 43s ...
  Collecting page data using 11 workers ...
◇ injected env (0) from .env
◇ injected env (0) from .env
◇ injected env (0) from .env
◇ injected env (0) from .env
◇ injected env (0) from .env
◇ injected env (0) from .env
◇ injected env (0) from .env
◇ injected env (0) from .env
◇ injected env (0) from .env
◇ injected env (0) from .env
◇ injected env (0) from .env
  Generating static pages using 11 workers (0/37) ...
  Generating static pages using 11 workers (9/37) 
  Generating static pages using 11 workers (18/37) 
  Generating static pages using 11 workers (27/37) 
✓ Generating static pages using 11 workers (37/37) in 2.4s
  Finalizing page optimization ...

Route (app)
┌ ○ /
├ ○ /_not-found
├ ○ /account-recovery
├ ƒ /api/addresses
├ ƒ /api/admin
├ ƒ /api/admin/health
├ ƒ /api/admin/operations
├ ƒ /api/auth
├ ƒ /api/auth/recovery
├ ƒ /api/auth/reset-password
├ ƒ /api/catalog
├ ƒ /api/dev/test-accounts
├ ƒ /api/favorites
├ ƒ /api/kitchens/[id]
├ ƒ /api/location/delivery-check
├ ƒ /api/location/resolve
├ ƒ /api/location/suggest
├ ƒ /api/newsletter
├ ƒ /api/notifications
├ ƒ /api/orders
├ ƒ /api/payments/webhook
├ ƒ /api/reviews
├ ƒ /api/rider
├ ƒ /api/seller
├ ƒ /api/seller/orders
├ ƒ /api/subscriptions
├ ƒ /collections/[slug]
├ ○ /dev/components-preview
├ ○ /favorites
├ ○ /forgot-password
├ ○ /join
├ ○ /kitchens
├ ƒ /kitchens/[id]
├ ○ /meal-plans
├ ○ /orders
├ ○ /reset-password
├ ○ /signin
├ ○ /workspace
└ ƒ /workspace/admin/[[...path]]


○  (Static)   prerendered as static content
ƒ  (Dynamic)  server-rendered on demand

