▲ Next.js 16.3.5 (Turbopack)
- Local:         http://localhost:3000
- Network:       http://0.0.0.0:3000
- Environments: .env.local, .env
✓ Ready in 14.4s
✓ Running next.config.ts took 914ms

 POST /api/uploads 201 in 7.5s (next.js: 3.0s, application-code: 4.6s)
 GET /api/media/94/a09ff81d-26df-4a97-9872-aab5f4571754.webp 200 in 2.2s (next.js: 2.2s, application-code: 53ms)
 POST /api/uploads 201 in 229ms (next.js: 14ms, application-code: 216ms)
 GET /api/media/94/b3cf3ddf-7f6e-4e8e-a4e5-a705ad856a1c.webp 200 in 54ms (next.js: 31ms, application-code: 24ms)
 POST /api/uploads 201 in 243ms (next.js: 13ms, application-code: 230ms)
 GET /api/media/94/f32d7f10-aedd-45e8-aa9e-ded6c8485711.webp 200 in 38ms (next.js: 12ms, application-code: 26ms)
 POST /api/uploads 401 in 42ms (next.js: 10ms, application-code: 33ms)
 POST /api/uploads 403 in 28ms (next.js: 10ms, application-code: 19ms)
 POST /api/uploads 422 in 147ms (next.js: 12ms, application-code: 134ms)
 POST /api/uploads 422 in 129ms (next.js: 12ms, application-code: 117ms)
 POST /api/uploads 413 in 132ms (next.js: 11ms, application-code: 121ms)
 PATCH /api/seller 404 in 331ms (next.js: 150ms, application-code: 181ms)
 POST /api/seller 403 in 138ms (next.js: 14ms, application-code: 124ms)
 GET /workspace 200 in 1059ms (next.js: 336ms, application-code: 723ms)
 GET /api/auth 200 in 238ms (next.js: 199ms, application-code: 39ms)
 GET /api/auth 200 in 398ms (next.js: 165ms, application-code: 233ms)
 GET /api/auth 200 in 402ms (next.js: 61ms, application-code: 341ms)
 GET /api/auth 200 in 411ms (next.js: 33ms, application-code: 378ms)
 GET /api/auth 200 in 333ms (next.js: 17ms, application-code: 316ms)
 GET /api/auth 200 in 154ms (next.js: 14ms, application-code: 141ms)
 GET /api/notifications 200 in 566ms (next.js: 130ms, application-code: 436ms)
 GET /api/seller 200 in 403ms (next.js: 40ms, application-code: 363ms)
 GET /api/seller 200 in 320ms (next.js: 14ms, application-code: 306ms)
 GET /api/location/resolve 200 in 171ms (next.js: 146ms, application-code: 25ms)
 GET /api/location/resolve 200 in 34ms (next.js: 13ms, application-code: 21ms)
 GET /api/seller 200 in 310ms (next.js: 14ms, application-code: 296ms)
 POST /api/uploads 201 in 352ms (next.js: 70ms, application-code: 282ms)
 GET /api/media/94/1067f5cf-50df-432f-9960-30228fad9167.webp 200 in 93ms (next.js: 63ms, application-code: 30ms)
 POST /api/seller 201 in 260ms (next.js: 65ms, application-code: 195ms)
 GET /api/seller 200 in 314ms (next.js: 17ms, application-code: 298ms)
 GET /api/auth 200 in 154ms (next.js: 34ms, application-code: 120ms)
 GET /api/seller 200 in 337ms (next.js: 22ms, application-code: 315ms)
 GET /workspace 200 in 197ms (next.js: 32ms, application-code: 165ms)
 GET /api/auth 200 in 142ms (next.js: 75ms, application-code: 67ms)
 GET /api/auth 200 in 213ms (next.js: 34ms, application-code: 179ms)
 GET /api/auth 200 in 196ms (next.js: 60ms, application-code: 137ms)
 GET /api/auth 200 in 188ms (next.js: 64ms, application-code: 123ms)
 GET /api/auth 200 in 142ms (next.js: 15ms, application-code: 127ms)
 GET /api/auth 200 in 268ms (next.js: 13ms, application-code: 255ms)
 GET /api/seller 200 in 460ms (next.js: 37ms, application-code: 422ms)
 GET /api/notifications 200 in 523ms (next.js: 26ms, application-code: 497ms)
 GET /api/location/resolve 200 in 45ms (next.js: 17ms, application-code: 28ms)
 GET /api/location/resolve 200 in 78ms (next.js: 54ms, application-code: 24ms)
 GET /api/seller 200 in 385ms (next.js: 12ms, application-code: 373ms)
 GET /api/seller 200 in 304ms (next.js: 13ms, application-code: 291ms)
 GET /api/catalog?q=Upload%20dish%201f5568cd 200 in 1104ms (next.js: 114ms, application-code: 990ms)
 GET /kitchens/94 200 in 2.0s (next.js: 1804ms, application-code: 229ms)
 GET /api/auth 200 in 36ms (next.js: 15ms, application-code: 21ms)
 GET /api/auth 200 in 55ms (next.js: 12ms, application-code: 44ms)
 GET /api/auth 200 in 58ms (next.js: 34ms, application-code: 23ms)
 GET /api/auth 200 in 36ms (next.js: 14ms, application-code: 22ms)
 GET /api/auth 200 in 43ms (next.js: 18ms, application-code: 25ms)
 GET /api/auth 200 in 46ms (next.js: 22ms, application-code: 24ms)
 GET /api/auth 200 in 65ms (next.js: 19ms, application-code: 46ms)
 GET /api/auth 200 in 68ms (next.js: 40ms, application-code: 28ms)
 GET /api/auth 200 in 50ms (next.js: 24ms, application-code: 26ms)
 GET /api/kitchens/94 200 in 2.7s (next.js: 2.6s, application-code: 123ms)
 GET /api/kitchens/94 200 in 2.9s (next.js: 2.7s, application-code: 142ms)
 GET /api/media/94/1067f5cf-50df-432f-9960-30228fad9167.webp 200 in 75ms (next.js: 33ms, application-code: 43ms)
 GET /api/kitchens/94 200 in 109ms (next.js: 31ms, application-code: 79ms)
 POST /api/uploads 201 in 290ms (next.js: 16ms, application-code: 274ms)
 GET /api/media/94/626d3f84-6fdc-409a-9627-57e25803bf2d.webp 200 in 44ms (next.js: 11ms, application-code: 34ms)
 PATCH /api/seller 200 in 399ms (next.js: 19ms, application-code: 380ms)
 GET /api/seller 200 in 328ms (next.js: 16ms, application-code: 312ms)
 GET /api/auth 200 in 131ms (next.js: 11ms, application-code: 119ms)
 GET /api/media/94/1067f5cf-50df-432f-9960-30228fad9167.webp 200 in 53ms (next.js: 28ms, application-code: 25ms)
 GET /api/seller 200 in 404ms (next.js: 15ms, application-code: 389ms)
 GET /kitchens/94 200 in 240ms (next.js: 50ms, application-code: 190ms)
 GET /api/auth 200 in 78ms (next.js: 36ms, application-code: 42ms)
 GET /api/auth 200 in 133ms (next.js: 82ms, application-code: 51ms)
 GET /api/auth 200 in 140ms (next.js: 83ms, application-code: 57ms)
 GET /api/auth 200 in 529ms (next.js: 108ms, application-code: 421ms)
 GET /api/auth 200 in 117ms (next.js: 18ms, application-code: 99ms)
 GET /api/auth 200 in 121ms (next.js: 41ms, application-code: 80ms)
 GET /api/auth 200 in 122ms (next.js: 65ms, application-code: 57ms)
 GET /api/auth 200 in 124ms (next.js: 87ms, application-code: 37ms)
 GET /api/auth 200 in 83ms (next.js: 35ms, application-code: 48ms)
 GET /api/auth 200 in 84ms (next.js: 58ms, application-code: 26ms)
 GET /api/kitchens/94 200 in 124ms (next.js: 33ms, application-code: 92ms)
 GET /api/kitchens/94 200 in 134ms (next.js: 61ms, application-code: 73ms)
 GET /api/kitchens/94 200 in 164ms (next.js: 89ms, application-code: 75ms)
 GET /api/media/94/626d3f84-6fdc-409a-9627-57e25803bf2d.webp 200 in 47ms (next.js: 21ms, application-code: 26ms)
 GET /api/kitchens/94 200 in 86ms (next.js: 10ms, application-code: 76ms)
 PATCH /api/seller 200 in 379ms (next.js: 15ms, application-code: 364ms)
 GET /kitchens/94 200 in 262ms (next.js: 38ms, application-code: 223ms)
 GET /api/seller 200 in 515ms (next.js: 12ms, application-code: 503ms)
 GET /api/auth 200 in 185ms (next.js: 40ms, application-code: 145ms)
 GET /api/auth 200 in 105ms (next.js: 20ms, application-code: 85ms)
 GET /api/auth 200 in 109ms (next.js: 48ms, application-code: 61ms)
 GET /api/auth 200 in 115ms (next.js: 75ms, application-code: 40ms)
 GET /api/auth 200 in 99ms (next.js: 23ms, application-code: 76ms)
 GET /api/auth 200 in 101ms (next.js: 44ms, application-code: 57ms)
 GET /api/auth 200 in 107ms (next.js: 68ms, application-code: 39ms)
 GET /api/auth 200 in 108ms (next.js: 18ms, application-code: 90ms)
 GET /api/auth 200 in 111ms (next.js: 41ms, application-code: 70ms)
 GET /api/auth 200 in 116ms (next.js: 69ms, application-code: 46ms)
 GET /api/kitchens/94 200 in 156ms (next.js: 55ms, application-code: 101ms)
 GET /api/kitchens/94 200 in 163ms (next.js: 83ms, application-code: 79ms)
 GET /api/seller 200 in 930ms (next.js: 55ms, application-code: 875ms)
 GET /api/kitchens/94 200 in 82ms (next.js: 11ms, application-code: 72ms)
 POST /api/uploads 201 in 221ms (next.js: 15ms, application-code: 207ms)
 GET /api/media/94/07d63e95-3aa6-49a6-84a7-bb59a2226d4b.webp 200 in 62ms (next.js: 34ms, application-code: 28ms)
 POST /api/uploads 201 in 226ms (next.js: 15ms, application-code: 211ms)
 GET /api/media/94/a096d7dd-697c-4cc5-9687-ae84b37a8d78.webp 200 in 36ms (next.js: 13ms, application-code: 23ms)
 PATCH /api/seller 200 in 311ms (next.js: 17ms, application-code: 293ms)
 GET /api/auth 200 in 122ms (next.js: 9ms, application-code: 113ms)
 GET /api/seller 200 in 293ms (next.js: 9ms, application-code: 285ms)
 GET /kitchens/94 200 in 244ms (next.js: 45ms, application-code: 199ms)
 GET /api/auth 200 in 38ms (next.js: 14ms, application-code: 24ms)
 GET /api/auth 200 in 47ms (next.js: 23ms, application-code: 23ms)
 GET /api/auth 200 in 57ms (next.js: 28ms, application-code: 29ms)
 GET /api/auth 200 in 103ms (next.js: 24ms, application-code: 79ms)
 GET /api/auth 200 in 107ms (next.js: 48ms, application-code: 59ms)
 GET /api/auth 200 in 109ms (next.js: 74ms, application-code: 35ms)
 GET /api/auth 200 in 59ms (next.js: 32ms, application-code: 26ms)
 GET /api/auth 200 in 70ms (next.js: 23ms, application-code: 47ms)
 GET /api/auth 200 in 48ms (next.js: 23ms, application-code: 25ms)
 GET /api/kitchens/94 200 in 128ms (next.js: 32ms, application-code: 96ms)
 GET /api/kitchens/94 200 in 136ms (next.js: 62ms, application-code: 73ms)
 GET /api/kitchens/94 200 in 87ms (next.js: 18ms, application-code: 69ms)
 GET /api/media/94/a096d7dd-697c-4cc5-9687-ae84b37a8d78.webp 200 in 85ms (next.js: 26ms, application-code: 58ms)
 GET /api/media/94/07d63e95-3aa6-49a6-84a7-bb59a2226d4b.webp 200 in 90ms (next.js: 50ms, application-code: 40ms)
 GET /api/notifications 200 in 503ms (next.js: 45ms, application-code: 459ms)
 PATCH /api/seller 200 in 341ms (next.js: 10ms, application-code: 330ms)
 POST /api/favorites 200 in 324ms (next.js: 111ms, application-code: 213ms)
 GET /favorites 200 in 384ms (next.js: 157ms, application-code: 227ms)
 GET /api/auth 200 in 474ms (next.js: 71ms, application-code: 403ms)
 GET /api/auth 200 in 408ms (next.js: 53ms, application-code: 354ms)
 GET /api/auth 200 in 413ms (next.js: 84ms, application-code: 329ms)
 GET /api/auth 200 in 409ms (next.js: 91ms, application-code: 318ms)
 GET /api/favorites 200 in 468ms (next.js: 63ms, application-code: 405ms)
 GET /api/addresses 200 in 333ms (next.js: 139ms, application-code: 194ms)
 GET /api/addresses 200 in 160ms (next.js: 12ms, application-code: 148ms)
 GET /api/media/94/a09ff81d-26df-4a97-9872-aab5f4571754.webp 200 in 79ms (next.js: 36ms, application-code: 43ms)
 GET /?q=Upload%20dish%201f5568cd 200 in 539ms (next.js: 179ms, application-code: 360ms)
 GET /api/notifications 200 in 742ms (next.js: 13ms, application-code: 729ms)
 GET /api/auth 200 in 93ms (next.js: 21ms, application-code: 72ms)
 GET /api/auth 200 in 230ms (next.js: 27ms, application-code: 203ms)
 GET /api/auth 200 in 594ms (next.js: 20ms, application-code: 574ms)
 GET /api/auth 200 in 586ms (next.js: 37ms, application-code: 550ms)
 GET /api/auth 200 in 589ms (next.js: 107ms, application-code: 483ms)
 GET /api/catalog?q=Upload+dish+1f5568cd 200 in 2.1s (next.js: 38ms, application-code: 2.0s)
 GET /api/catalog 200 in 2.5s (next.js: 330ms, application-code: 2.2s)
 GET /api/notifications 200 in 2.2s (next.js: 13ms, application-code: 2.1s)
 GET /api/auth 200 in 2.8s (next.js: 98ms, application-code: 2.7s)
 GET /api/addresses 200 in 2.3s (next.js: 69ms, application-code: 2.2s)
 GET /api/addresses 200 in 130ms (next.js: 11ms, application-code: 119ms)
 GET /api/catalog 200 in 2.9s (next.js: 163ms, application-code: 2.7s)
 GET /api/favorites 200 in 194ms (next.js: 10ms, application-code: 184ms)
